build	Set up job	﻿2026-09-24T18:42:33.2131224Z Current runner version: '2.337.0'
build	Set up job	2026-09-24T18:42:33.2160936Z ##[group]Runner Image Provisioner
build	Set up job	2026-09-24T18:42:33.2161992Z Hosted Compute Agent
build	Set up job	2026-09-24T18:42:33.2162723Z Version: 20260828.587
build	Set up job	2026-09-24T18:42:33.2163879Z Commit: abac92662cab4cc7352de4f9f9d2e2419aad9c29
build	Set up job	2026-09-24T18:42:33.2164670Z Build Date: 2026-08-28T16:44:25Z
build	Set up job	2026-09-24T18:42:33.2165462Z Worker ID: {3ebb6c24-2a0f-4b54-bee1-a80b8ba965c1}
build	Set up job	2026-09-24T18:42:33.2166187Z Azure Region: westus3
build	Set up job	2026-09-24T18:42:33.2166803Z ##[endgroup]
build	Set up job	2026-09-24T18:42:33.2168600Z ##[group]Operating System
build	Set up job	2026-09-24T18:42:33.2169319Z Ubuntu
build	Set up job	2026-09-24T18:42:33.2169937Z 24.04.5
build	Set up job	2026-09-24T18:42:33.2170509Z LTS
build	Set up job	2026-09-24T18:42:33.2171107Z ##[endgroup]
build	Set up job	2026-09-24T18:42:33.2171683Z ##[group]Runner Image
build	Set up job	2026-09-24T18:42:33.2172326Z Image: ubuntu-24.04
build	Set up job	2026-09-24T18:42:33.2173249Z Version: 20260920.314.1
build	Set up job	2026-09-24T18:42:33.2174373Z Included Software: https://github.com/actions/runner-images/blob/ubuntu24/20260920.314/images/ubuntu/Ubuntu2404-Readme.md
build	Set up job	2026-09-24T18:42:33.2176249Z Image Release: https://github.com/actions/runner-images/releases/tag/ubuntu24%2F20260920.314
build	Set up job	2026-09-24T18:42:33.2177269Z ##[endgroup]
build	Set up job	2026-09-24T18:42:33.2178537Z ##[group]GITHUB_TOKEN Permissions
build	Set up job	2026-09-24T18:42:33.2180993Z Contents: read
build	Set up job	2026-09-24T18:42:33.2181709Z Metadata: read
build	Set up job	2026-09-24T18:42:33.2182317Z Packages: read
build	Set up job	2026-09-24T18:42:33.2183574Z ##[endgroup]
build	Set up job	2026-09-24T18:42:33.2186015Z Secret source: Actions
build	Set up job	2026-09-24T18:42:33.2187028Z Cache mode: write
build	Set up job	2026-09-24T18:42:33.2187943Z Prepare workflow directory
build	Set up job	2026-09-24T18:42:33.2620373Z Prepare all required actions
build	Set up job	2026-09-24T18:42:33.2672380Z Getting action download info
build	Set up job	2026-09-24T18:42:33.6285706Z Download action repository 'actions/checkout@v4' (SHA:11d5960a326750d5838078e36cf38b85af677262)
build	Set up job	2026-09-24T18:42:33.8353913Z Complete job name: build
build	Run actions/checkout@v4	﻿2026-09-24T18:42:33.9233889Z ##[group]Run actions/checkout@v4
build	Run actions/checkout@v4	2026-09-24T18:42:33.9234950Z with:
build	Run actions/checkout@v4	2026-09-24T18:42:33.9235457Z   repository: FPC-effortless/pnds-lean
build	Run actions/checkout@v4	2026-09-24T18:42:33.9239336Z   token: ***
build	Run actions/checkout@v4	2026-09-24T18:42:33.9239785Z   ssh-strict: true
build	Run actions/checkout@v4	2026-09-24T18:42:33.9240237Z   ssh-user: git
build	Run actions/checkout@v4	2026-09-24T18:42:33.9240725Z   persist-credentials: true
build	Run actions/checkout@v4	2026-09-24T18:42:33.9241236Z   clean: true
build	Run actions/checkout@v4	2026-09-24T18:42:33.9241707Z   sparse-checkout-cone-mode: true
build	Run actions/checkout@v4	2026-09-24T18:42:33.9242241Z   fetch-depth: 1
build	Run actions/checkout@v4	2026-09-24T18:42:33.9242679Z   fetch-tags: false
build	Run actions/checkout@v4	2026-09-24T18:42:33.9243338Z   show-progress: true
build	Run actions/checkout@v4	2026-09-24T18:42:33.9243807Z   lfs: false
build	Run actions/checkout@v4	2026-09-24T18:42:33.9244238Z   submodules: false
build	Run actions/checkout@v4	2026-09-24T18:42:33.9244713Z   set-safe-directory: true
build	Run actions/checkout@v4	2026-09-24T18:42:33.9245244Z   allow-unsafe-pr-checkout: false
build	Run actions/checkout@v4	2026-09-24T18:42:33.9246054Z ##[endgroup]
build	Run actions/checkout@v4	2026-09-24T18:42:34.0335152Z Syncing repository: FPC-effortless/pnds-lean
build	Run actions/checkout@v4	2026-09-24T18:42:34.0337612Z ##[group]Getting Git version info
build	Run actions/checkout@v4	2026-09-24T18:42:34.0338827Z Working directory is '/home/runner/work/pnds-lean/pnds-lean'
build	Run actions/checkout@v4	2026-09-24T18:42:34.0354333Z [command]/usr/bin/git version
build	Run actions/checkout@v4	2026-09-24T18:42:34.0479148Z git version 2.55.0
build	Run actions/checkout@v4	2026-09-24T18:42:34.0517099Z ##[endgroup]
build	Run actions/checkout@v4	2026-09-24T18:42:34.0527611Z Temporarily overriding HOME='/home/runner/work/_temp/fe52a0a1-d332-4480-ad7c-ef723ec37507' before making global git config changes
build	Run actions/checkout@v4	2026-09-24T18:42:34.0546806Z Adding repository directory to the temporary git global config as a safe directory
build	Run actions/checkout@v4	2026-09-24T18:42:34.0548690Z [command]/usr/bin/git config --global --add safe.directory /home/runner/work/pnds-lean/pnds-lean
build	Run actions/checkout@v4	2026-09-24T18:42:34.0620616Z Deleting the contents of '/home/runner/work/pnds-lean/pnds-lean'
build	Run actions/checkout@v4	2026-09-24T18:42:34.0660001Z ##[group]Initializing the repository
build	Run actions/checkout@v4	2026-09-24T18:42:34.0667301Z [command]/usr/bin/git init /home/runner/work/pnds-lean/pnds-lean
build	Run actions/checkout@v4	2026-09-24T18:42:34.0787301Z hint: Using 'master' as the name for the initial branch. This default branch name
build	Run actions/checkout@v4	2026-09-24T18:42:34.0789248Z hint: will change to "main" in Git 3.0. To configure the initial branch name
build	Run actions/checkout@v4	2026-09-24T18:42:34.0790904Z hint: to use in all of your new repositories, which will suppress this warning,
build	Run actions/checkout@v4	2026-09-24T18:42:34.0792445Z hint: call:
build	Run actions/checkout@v4	2026-09-24T18:42:34.0793403Z hint:
build	Run actions/checkout@v4	2026-09-24T18:42:34.0794217Z hint: 	git config --global init.defaultBranch <name>
build	Run actions/checkout@v4	2026-09-24T18:42:34.0795220Z hint:
build	Run actions/checkout@v4	2026-09-24T18:42:34.0796163Z hint: Names commonly chosen instead of 'master' are 'main', 'trunk' and
build	Run actions/checkout@v4	2026-09-24T18:42:34.0797714Z hint: 'development'. The just-created branch can be renamed via this command:
build	Run actions/checkout@v4	2026-09-24T18:42:34.0798904Z hint:
build	Run actions/checkout@v4	2026-09-24T18:42:34.0799574Z hint: 	git branch -m <name>
build	Run actions/checkout@v4	2026-09-24T18:42:34.0800318Z hint:
build	Run actions/checkout@v4	2026-09-24T18:42:34.0801327Z hint: Disable this message with "git config set advice.defaultBranchName false"
build	Run actions/checkout@v4	2026-09-24T18:42:34.0819892Z Initialized empty Git repository in /home/runner/work/pnds-lean/pnds-lean/.git/
build	Run actions/checkout@v4	2026-09-24T18:42:34.0823163Z [command]/usr/bin/git remote add origin https://github.com/FPC-effortless/pnds-lean
build	Run actions/checkout@v4	2026-09-24T18:42:34.0882191Z ##[endgroup]
build	Run actions/checkout@v4	2026-09-24T18:42:34.0883358Z ##[group]Disabling automatic garbage collection
build	Run actions/checkout@v4	2026-09-24T18:42:34.0888268Z [command]/usr/bin/git config --local gc.auto 0
build	Run actions/checkout@v4	2026-09-24T18:42:34.0948425Z ##[endgroup]
build	Run actions/checkout@v4	2026-09-24T18:42:34.0949320Z ##[group]Setting up auth
build	Run actions/checkout@v4	2026-09-24T18:42:34.0958324Z [command]/usr/bin/git config --local --name-only --get-regexp core\.sshCommand
build	Run actions/checkout@v4	2026-09-24T18:42:34.1004533Z [command]/usr/bin/git submodule foreach --recursive sh -c "git config --local --name-only --get-regexp 'core\.sshCommand' && git config --local --unset-all 'core.sshCommand' || :"
build	Run actions/checkout@v4	2026-09-24T18:42:34.1442209Z [command]/usr/bin/git config --local --name-only --get-regexp http\.https\:\/\/github\.com\/\.extraheader
build	Run actions/checkout@v4	2026-09-24T18:42:34.1485267Z [command]/usr/bin/git submodule foreach --recursive sh -c "git config --local --name-only --get-regexp 'http\.https\:\/\/github\.com\/\.extraheader' && git config --local --unset-all 'http.https://github.com/.extraheader' || :"
build	Run actions/checkout@v4	2026-09-24T18:42:34.1738991Z [command]/usr/bin/git config --local --name-only --get-regexp ^includeIf\.gitdir:
build	Run actions/checkout@v4	2026-09-24T18:42:34.1785574Z [command]/usr/bin/git submodule foreach --recursive git config --local --show-origin --name-only --get-regexp remote.origin.url
build	Run actions/checkout@v4	2026-09-24T18:42:34.2053948Z [command]/usr/bin/git config --local http.https://github.com/.extraheader AUTHORIZATION: basic ***
build	Run actions/checkout@v4	2026-09-24T18:42:34.2100251Z ##[endgroup]
build	Run actions/checkout@v4	2026-09-24T18:42:34.2101184Z ##[group]Fetching the repository
build	Run actions/checkout@v4	2026-09-24T18:42:34.2110862Z [command]/usr/bin/git -c protocol.version=2 fetch --no-tags --prune --no-recurse-submodules --depth=1 origin +f8c87b23b1527f394f7ec1732c8c481ad82d5a8f:refs/remotes/origin/main
build	Run actions/checkout@v4	2026-09-24T18:42:34.6686202Z From https://github.com/FPC-effortless/pnds-lean
build	Run actions/checkout@v4	2026-09-24T18:42:34.6687347Z  * [new ref]         f8c87b23b1527f394f7ec1732c8c481ad82d5a8f -> origin/main
build	Run actions/checkout@v4	2026-09-24T18:42:34.6691122Z ##[endgroup]
build	Run actions/checkout@v4	2026-09-24T18:42:34.6692125Z ##[group]Determining the checkout info
build	Run actions/checkout@v4	2026-09-24T18:42:34.6693928Z ##[endgroup]
build	Run actions/checkout@v4	2026-09-24T18:42:34.6700674Z [command]/usr/bin/git sparse-checkout disable
build	Run actions/checkout@v4	2026-09-24T18:42:34.6763451Z [command]/usr/bin/git config --local --unset-all extensions.worktreeConfig
build	Run actions/checkout@v4	2026-09-24T18:42:34.6802240Z ##[group]Checking out the ref
build	Run actions/checkout@v4	2026-09-24T18:42:34.6807875Z [command]/usr/bin/git checkout --progress --force -B main refs/remotes/origin/main
build	Run actions/checkout@v4	2026-09-24T18:42:34.6885851Z Switched to a new branch 'main'
build	Run actions/checkout@v4	2026-09-24T18:42:34.6890537Z branch 'main' set up to track 'origin/main'.
build	Run actions/checkout@v4	2026-09-24T18:42:34.6898090Z ##[endgroup]
build	Run actions/checkout@v4	2026-09-24T18:42:34.6951601Z [command]/usr/bin/git log -1 --format=%H
build	Run actions/checkout@v4	2026-09-24T18:42:34.6985579Z f8c87b23b1527f394f7ec1732c8c481ad82d5a8f
build	Install elan	﻿2026-09-24T18:42:34.7239169Z ##[group]Run curl https://raw.githubusercontent.com/leanprover/elan/master/elan-init.sh -sSf | sh -s -- -y --default-toolchain none
build	Install elan	2026-09-24T18:42:34.7240964Z ^[[36;1mcurl https://raw.githubusercontent.com/leanprover/elan/master/elan-init.sh -sSf | sh -s -- -y --default-toolchain none^[[0m
build	Install elan	2026-09-24T18:42:34.7242101Z ^[[36;1mecho "$HOME/.elan/bin" >> "$GITHUB_PATH"^[[0m
build	Install elan	2026-09-24T18:42:34.7537406Z shell: /usr/bin/bash -e {0}
build	Install elan	2026-09-24T18:42:34.7538203Z ##[endgroup]
build	Install elan	2026-09-24T18:42:34.8256629Z info: downloading installer
build	Resolve dependencies	﻿2026-09-24T18:42:35.3099039Z ##[group]Run lake update
build	Resolve dependencies	2026-09-24T18:42:35.3099648Z ^[[36;1mlake update^[[0m
build	Resolve dependencies	2026-09-24T18:42:35.3170931Z shell: /usr/bin/bash -e {0}
build	Resolve dependencies	2026-09-24T18:42:35.3171546Z ##[endgroup]
build	Resolve dependencies	2026-09-24T18:42:36.1299672Z info: downloading https://releases.lean-lang.org/lean4/v4.14.0/lean-4.14.0-linux.tar.zst
build	Resolve dependencies	2026-09-24T18:42:37.6651200Z info: installing /home/runner/.elan/toolchains/leanprover--lean4---v4.14.0
build	Resolve dependencies	2026-09-24T18:42:40.5722403Z info: pnds: no previous manifest, creating one from scratch
build	Resolve dependencies	2026-09-24T18:46:00.7247749Z info: leanprover-community/mathlib: cloning https://github.com/leanprover-community/mathlib4
build	Resolve dependencies	2026-09-24T18:46:00.7248776Z info: leanprover-community/mathlib: checking out revision '4bbdccd9c5f862bf90ff12f0a9e2c8be032b9a84'
build	Resolve dependencies	2026-09-24T18:46:00.7251384Z info: toolchain not updated; already up-to-date
build	Resolve dependencies	2026-09-24T18:46:01.7439508Z info: plausible: cloning https://github.com/leanprover-community/plausible
build	Resolve dependencies	2026-09-24T18:46:01.7440602Z info: plausible: checking out revision '42dc02bdbc5d0c2f395718462a76c3d87318f7fa'
build	Resolve dependencies	2026-09-24T18:46:02.3230182Z info: LeanSearchClient: cloning https://github.com/leanprover-community/LeanSearchClient
build	Resolve dependencies	2026-09-24T18:46:02.3231020Z info: LeanSearchClient: checking out revision 'd7caecce0d0f003fd5e9cce9a61f1dd6ba83142b'
build	Resolve dependencies	2026-09-24T18:46:03.0682321Z info: importGraph: cloning https://github.com/leanprover-community/import-graph
build	Resolve dependencies	2026-09-24T18:46:03.0683680Z info: importGraph: checking out revision '519e509a28864af5bed98033dd33b95cf08e9aa7'
build	Resolve dependencies	2026-09-24T18:46:04.9102552Z info: proofwidgets: cloning https://github.com/leanprover-community/ProofWidgets4
build	Resolve dependencies	2026-09-24T18:46:04.9103965Z info: proofwidgets: checking out revision '68280daef58803f68368eb2e53046dabcd270c9d'
build	Resolve dependencies	2026-09-24T18:46:06.8005497Z info: aesop: cloning https://github.com/leanprover-community/aesop
build	Resolve dependencies	2026-09-24T18:46:06.8006176Z info: aesop: checking out revision '5a0ec8588855265ade536f35bcdcf0fb24fd6030'
build	Resolve dependencies	2026-09-24T18:46:07.5708235Z info: Qq: cloning https://github.com/leanprover-community/quote4
build	Resolve dependencies	2026-09-24T18:46:07.5708915Z info: Qq: checking out revision '303b23fbcea94ac4f96e590c1cad6618fd4f5f41'
build	Resolve dependencies	2026-09-24T18:46:11.5306661Z info: batteries: cloning https://github.com/leanprover-community/batteries
build	Resolve dependencies	2026-09-24T18:46:11.5307455Z info: batteries: checking out revision '8d6c853f11a5172efa0e96b9f2be1a83d861cdd9'
build	Resolve dependencies	2026-09-24T18:46:12.1921945Z info: Cli: cloning https://github.com/leanprover/lean4-cli
build	Resolve dependencies	2026-09-24T18:46:12.1922572Z info: Cli: checking out revision '726b3c9ad13acca724d4651f14afc4804a7b0e4d'
build	Resolve dependencies	2026-09-24T18:46:12.1936593Z info: mathlib: running post-update hooks
build	Resolve dependencies	2026-09-24T18:46:14.5636296Z ✔ [3/11] Built Cache.IO
build	Resolve dependencies	2026-09-24T18:46:15.3646140Z ✔ [4/11] Built Cache.Hashing
build	Resolve dependencies	2026-09-24T18:46:16.3685407Z ✔ [5/11] Built Cache.Requests
build	Resolve dependencies	2026-09-24T18:46:17.0700411Z ✔ [6/11] Built Cache.Hashing:c.o
build	Resolve dependencies	2026-09-24T18:46:17.1701514Z ✔ [7/11] Built Cache.Main
build	Resolve dependencies	2026-09-24T18:46:17.6708188Z ✔ [8/11] Built Cache.Requests:c.o
build	Resolve dependencies	2026-09-24T18:46:17.8710853Z ✔ [9/11] Built Cache.IO:c.o
build	Resolve dependencies	2026-09-24T18:46:17.9711275Z ✔ [10/11] Built Cache.Main:c.o
build	Resolve dependencies	2026-09-24T18:46:18.4719580Z ✔ [11/11] Built cache
build	Resolve dependencies	2026-09-24T18:46:19.3804804Z   % Total    % Received % Xferd  Average Speed   Time    Time     Time  Current
build	Resolve dependencies	2026-09-24T18:46:19.3805521Z                                  Dload  Upload   Total   Spent    Left  Speed
build	Resolve dependencies	2026-09-24T18:46:19.3805874Z 
build	Resolve dependencies	2026-09-24T18:46:19.3806134Z   0     0    0     0    0     0      0      0 --:--:-- --:--:-- --:--:--     0
build	Resolve dependencies	2026-09-24T18:46:19.3806649Z   0     0    0     0    0     0      0      0 --:--:-- --:--:-- --:--:--     0
build	Resolve dependencies	2026-09-24T18:46:19.3806980Z 
build	Resolve dependencies	2026-09-24T18:46:19.3807433Z   0 1059k    0     0    0     0      0      0 --:--:-- --:--:-- --:--:--     0
build	Resolve dependencies	2026-09-24T18:46:19.3808189Z 100 1059k  100 1059k    0     0  2768k      0 --:--:-- --:--:-- --:--:-- 79.6M
build	Resolve dependencies	2026-09-24T18:46:19.3808594Z 
build	Resolve dependencies	2026-09-24T18:46:19.4050764Z installing leantar 0.1.14
build	Resolve dependencies	2026-09-24T18:46:20.8237360Z Attempting to download 5685 file(s)
build	Resolve dependencies	2026-09-24T18:46:22.0879203Z 
build	Resolve dependencies	2026-09-24T18:46:22.1878505Z Downloaded: 1 file(s) [attempted 1/5685 = 0%]
build	Resolve dependencies	2026-09-24T18:46:22.2878158Z Downloaded: 79 file(s) [attempted 79/5685 = 1%]
build	Resolve dependencies	2026-09-24T18:46:22.3895177Z Downloaded: 160 file(s) [attempted 160/5685 = 2%]
build	Resolve dependencies	2026-09-24T18:46:22.4895613Z Downloaded: 252 file(s) [attempted 252/5685 = 4%]
build	Resolve dependencies	2026-09-24T18:46:22.5904610Z Downloaded: 344 file(s) [attempted 344/5685 = 6%]
build	Resolve dependencies	2026-09-24T18:46:22.6911956Z Downloaded: 451 file(s) [attempted 451/5685 = 7%]
build	Resolve dependencies	2026-09-24T18:46:22.7942261Z Downloaded: 555 file(s) [attempted 555/5685 = 9%]
build	Resolve dependencies	2026-09-24T18:46:22.8939709Z Downloaded: 664 file(s) [attempted 664/5685 = 11%]
build	Resolve dependencies	2026-09-24T18:46:22.9945959Z Downloaded: 771 file(s) [attempted 771/5685 = 13%]
build	Resolve dependencies	2026-09-24T18:46:23.0946014Z Downloaded: 878 file(s) [attempted 878/5685 = 15%]
build	Resolve dependencies	2026-09-24T18:46:23.1970760Z Downloaded: 979 file(s) [attempted 979/5685 = 17%]
build	Resolve dependencies	2026-09-24T18:46:23.2969975Z Downloaded: 1093 file(s) [attempted 1093/5685 = 19%]
build	Resolve dependencies	2026-09-24T18:46:23.3978492Z Downloaded: 1195 file(s) [attempted 1195/5685 = 21%]
build	Resolve dependencies	2026-09-24T18:46:23.4986481Z Downloaded: 1294 file(s) [attempted 1294/5685 = 22%]
build	Resolve dependencies	2026-09-24T18:46:23.6005762Z Downloaded: 1405 file(s) [attempted 1405/5685 = 24%]
build	Resolve dependencies	2026-09-24T18:46:23.7009114Z Downloaded: 1512 file(s) [attempted 1512/5685 = 26%]
build	Resolve dependencies	2026-09-24T18:46:23.8015401Z Downloaded: 1616 file(s) [attempted 1616/5685 = 28%]
build	Resolve dependencies	2026-09-24T18:46:23.9028950Z Downloaded: 1722 file(s) [attempted 1722/5685 = 30%]
build	Resolve dependencies	2026-09-24T18:46:24.0031167Z Downloaded: 1831 file(s) [attempted 1831/5685 = 32%]
build	Resolve dependencies	2026-09-24T18:46:24.1047661Z Downloaded: 1943 file(s) [attempted 1943/5685 = 34%]
build	Resolve dependencies	2026-09-24T18:46:24.2058112Z Downloaded: 2047 file(s) [attempted 2047/5685 = 36%]
build	Resolve dependencies	2026-09-24T18:46:24.3055052Z Downloaded: 2155 file(s) [attempted 2155/5685 = 37%]
build	Resolve dependencies	2026-09-24T18:46:24.4068660Z Downloaded: 2265 file(s) [attempted 2265/5685 = 39%]
build	Resolve dependencies	2026-09-24T18:46:24.5064932Z Downloaded: 2371 file(s) [attempted 2371/5685 = 41%]
build	Resolve dependencies	2026-09-24T18:46:24.6065108Z Downloaded: 2481 file(s) [attempted 2481/5685 = 43%]
build	Resolve dependencies	2026-09-24T18:46:24.7073922Z Downloaded: 2587 file(s) [attempted 2587/5685 = 45%]
build	Resolve dependencies	2026-09-24T18:46:24.8065835Z Downloaded: 2697 file(s) [attempted 2697/5685 = 47%]
build	Resolve dependencies	2026-09-24T18:46:24.9067261Z Downloaded: 2805 file(s) [attempted 2805/5685 = 49%]
build	Resolve dependencies	2026-09-24T18:46:25.0096852Z Downloaded: 2906 file(s) [attempted 2906/5685 = 51%]
build	Resolve dependencies	2026-09-24T18:46:25.1145848Z Downloaded: 3014 file(s) [attempted 3014/5685 = 53%]
build	Resolve dependencies	2026-09-24T18:46:25.2147306Z Downloaded: 3126 file(s) [attempted 3126/5685 = 54%]
build	Resolve dependencies	2026-09-24T18:46:25.3155228Z Downloaded: 3237 file(s) [attempted 3237/5685 = 56%]
build	Resolve dependencies	2026-09-24T18:46:25.4184634Z Downloaded: 3346 file(s) [attempted 3346/5685 = 58%]
build	Resolve dependencies	2026-09-24T18:46:25.5174910Z Downloaded: 3447 file(s) [attempted 3447/5685 = 60%]
build	Resolve dependencies	2026-09-24T18:46:25.6186485Z Downloaded: 3552 file(s) [attempted 3552/5685 = 62%]
build	Resolve dependencies	2026-09-24T18:46:25.7193560Z Downloaded: 3653 file(s) [attempted 3653/5685 = 64%]
build	Resolve dependencies	2026-09-24T18:46:25.8195860Z Downloaded: 3757 file(s) [attempted 3757/5685 = 66%]
build	Resolve dependencies	2026-09-24T18:46:25.9220426Z Downloaded: 3859 file(s) [attempted 3859/5685 = 67%]
build	Resolve dependencies	2026-09-24T18:46:26.0221492Z Downloaded: 3968 file(s) [attempted 3968/5685 = 69%]
build	Resolve dependencies	2026-09-24T18:46:26.1283097Z Downloaded: 4063 file(s) [attempted 4063/5685 = 71%]
build	Resolve dependencies	2026-09-24T18:46:26.2308123Z Downloaded: 4169 file(s) [attempted 4169/5685 = 73%]
build	Resolve dependencies	2026-09-24T18:46:26.3347882Z Downloaded: 4276 file(s) [attempted 4276/5685 = 75%]
build	Resolve dependencies	2026-09-24T18:46:26.4344747Z Downloaded: 4389 file(s) [attempted 4389/5685 = 77%]
build	Resolve dependencies	2026-09-24T18:46:26.5346237Z Downloaded: 4498 file(s) [attempted 4498/5685 = 79%]
build	Resolve dependencies	2026-09-24T18:46:26.6360010Z Downloaded: 4602 file(s) [attempted 4602/5685 = 80%]
build	Resolve dependencies	2026-09-24T18:46:26.7357840Z Downloaded: 4713 file(s) [attempted 4713/5685 = 82%]
build	Resolve dependencies	2026-09-24T18:46:26.8387346Z Downloaded: 4820 file(s) [attempted 4820/5685 = 84%]
build	Resolve dependencies	2026-09-24T18:46:26.9406750Z Downloaded: 4924 file(s) [attempted 4924/5685 = 86%]
build	Resolve dependencies	2026-09-24T18:46:27.0435598Z Downloaded: 5033 file(s) [attempted 5033/5685 = 88%]
build	Resolve dependencies	2026-09-24T18:46:27.1458663Z Downloaded: 5147 file(s) [attempted 5147/5685 = 90%]
build	Resolve dependencies	2026-09-24T18:46:27.2455007Z Downloaded: 5255 file(s) [attempted 5255/5685 = 92%]
build	Resolve dependencies	2026-09-24T18:46:27.3454686Z Downloaded: 5363 file(s) [attempted 5363/5685 = 94%]
build	Resolve dependencies	2026-09-24T18:46:27.4467248Z Downloaded: 5470 file(s) [attempted 5470/5685 = 96%]
build	Resolve dependencies	2026-09-24T18:46:27.6907737Z Downloaded: 5575 file(s) [attempted 5575/5685 = 98%]
build	Resolve dependencies	2026-09-24T18:46:27.6941648Z Downloaded: 5684 file(s) [attempted 5684/5685 = 99%]
build	Resolve dependencies	2026-09-24T18:46:27.6943125Z Downloaded: 5685 file(s) [attempted 5685/5685 = 100%] (100% success)
build	Resolve dependencies	2026-09-24T18:46:39.8765838Z Decompressing 5685 file(s)
build	Resolve dependencies	2026-09-24T18:46:39.8768354Z Unpacked in 12162 ms
build	Resolve dependencies	2026-09-24T18:46:39.8768799Z Completed successfully!
build	Verify Mathlib was actually resolved	﻿2026-09-24T18:46:39.9177982Z ##[group]Run set -e
build	Verify Mathlib was actually resolved	2026-09-24T18:46:39.9178283Z ^[[36;1mset -e^[[0m
build	Verify Mathlib was actually resolved	2026-09-24T18:46:39.9178650Z ^[[36;1mif ! grep -q "leanprover-community/mathlib4" lake-manifest.json; then^[[0m
build	Verify Mathlib was actually resolved	2026-09-24T18:46:39.9179245Z ^[[36;1m  echo "::error::Mathlib is not in lake-manifest.json; the build would be a no-op"^[[0m
build	Verify Mathlib was actually resolved	2026-09-24T18:46:39.9179686Z ^[[36;1m  exit 1^[[0m
build	Verify Mathlib was actually resolved	2026-09-24T18:46:39.9179888Z ^[[36;1mfi^[[0m
build	Verify Mathlib was actually resolved	2026-09-24T18:46:39.9180116Z ^[[36;1mecho "Mathlib resolved"^[[0m
build	Verify Mathlib was actually resolved	2026-09-24T18:46:39.9245681Z shell: /usr/bin/bash -e {0}
build	Verify Mathlib was actually resolved	2026-09-24T18:46:39.9245941Z ##[endgroup]
build	Verify Mathlib was actually resolved	2026-09-24T18:46:39.9340998Z Mathlib resolved
build	Build (explicit roots, so nothing can be silently skipped)	﻿2026-09-24T18:46:39.9370981Z ##[group]Run lake build 'PNDS' 'Audit' 2>&1 | tee build.log
build	Build (explicit roots, so nothing can be silently skipped)	2026-09-24T18:46:39.9371430Z ^[[36;1mlake build 'PNDS' 'Audit' 2>&1 | tee build.log^[[0m
build	Build (explicit roots, so nothing can be silently skipped)	2026-09-24T18:46:39.9430159Z shell: /usr/bin/bash -e {0}
build	Build (explicit roots, so nothing can be silently skipped)	2026-09-24T18:46:39.9430426Z ##[endgroup]
build	Build (explicit roots, so nothing can be silently skipped)	2026-09-24T18:46:45.5234299Z ✖ [5697/5705] Building PNDS.PathVerification
build	Build (explicit roots, so nothing can be silently skipped)	2026-09-24T18:46:45.5259352Z trace: .> LEAN_PATH=././.lake/packages/Cli/.lake/build/lib:././.lake/packages/batteries/.lake/build/lib:././.lake/packages/Qq/.lake/build/lib:././.lake/packages/aesop/.lake/build/lib:././.lake/packages/proofwidgets/.lake/build/lib:././.lake/packages/importGraph/.lake/build/lib:././.lake/packages/LeanSearchClient/.lake/build/lib:././.lake/packages/plausible/.lake/build/lib:././.lake/packages/mathlib/.lake/build/lib:././.lake/build/lib LD_LIBRARY_PATH= /home/runner/.elan/toolchains/leanprover--lean4---v4.14.0/bin/lean ././././PNDS/PathVerification.lean -R ./././. -o ././.lake/build/lib/PNDS/PathVerification.olean -i ././.lake/build/lib/PNDS/PathVerification.ilean -c ././.lake/build/ir/PNDS/PathVerification.c --json
build	Build (explicit roots, so nothing can be silently skipped)	2026-09-24T18:46:45.5274022Z warning: ././././PNDS/PathVerification.lean:15:16: unused variable `α`
build	Build (explicit roots, so nothing can be silently skipped)	2026-09-24T18:46:45.5303895Z note: this linter can be disabled with `set_option linter.unusedVariables false`
build	Build (explicit roots, so nothing can be silently skipped)	2026-09-24T18:46:45.5333995Z error: ././././PNDS/PathVerification.lean:21:4: don't know how to synthesize implicit argument 'α'
build	Build (explicit roots, so nothing can be silently skipped)	2026-09-24T18:46:45.5363452Z   @allCorrect (?m.1422 cond) n cond
build	Build (explicit roots, so nothing can be silently skipped)	2026-09-24T18:46:45.5364314Z context:
build	Build (explicit roots, so nothing can be silently skipped)	2026-09-24T18:46:45.5393738Z α : Type u_1
build	Build (explicit roots, so nothing can be silently skipped)	2026-09-24T18:46:45.5423580Z n : ℕ
build	Build (explicit roots, so nothing can be silently skipped)	2026-09-24T18:46:45.5453557Z cond : Fin n → ℝ
build	Build (explicit roots, so nothing can be silently skipped)	2026-09-24T18:46:45.5454578Z ⊢ Type ?u.776
build	Build (explicit roots, so nothing can be silently skipped)	2026-09-24T18:46:45.5484376Z when the resulting type of a declaration is explicitly provided, all holes (e.g., `_`) in the header are resolved before the declaration body is processed
build	Build (explicit roots, so nothing can be silently skipped)	2026-09-24T18:46:45.5513907Z error: ././././PNDS/PathVerification.lean:26:21: unexpected token 'variable'; expected 'lemma'
build	Build (explicit roots, so nothing can be silently skipped)	2026-09-24T18:46:45.5515204Z warning: ././././PNDS/PathVerification.lean:32:9: unused variable `h`
build	Build (explicit roots, so nothing can be silently skipped)	2026-09-24T18:46:45.5543880Z note: this linter can be disabled with `set_option linter.unusedVariables false`
build	Build (explicit roots, so nothing can be silently skipped)	2026-09-24T18:46:45.5573940Z error: ././././PNDS/PathVerification.lean:47:4: unknown identifier 'mul_le_self_of_le_one'
build	Build (explicit roots, so nothing can be silently skipped)	2026-09-24T18:46:45.5603785Z error: ././././PNDS/PathVerification.lean:52:4: function expected at
build	Build (explicit roots, so nothing can be silently skipped)	2026-09-24T18:46:45.5604706Z   Tendsto
build	Build (explicit roots, so nothing can be silently skipped)	2026-09-24T18:46:45.5610482Z term has type
build	Build (explicit roots, so nothing can be silently skipped)	2026-09-24T18:46:45.5611107Z   ?m.2197
build	Build (explicit roots, so nothing can be silently skipped)	2026-09-24T18:46:45.5612010Z error: ././././PNDS/PathVerification.lean:54:4: unknown identifier 'tendsto_pow_atTop'
build	Build (explicit roots, so nothing can be silently skipped)	2026-09-24T18:46:45.5613333Z error: Lean exited with code 1
build	Build (explicit roots, so nothing can be silently skipped)	2026-09-24T18:46:45.6209852Z ✖ [5698/5705] Building PNDS.Registration
build	Build (explicit roots, so nothing can be silently skipped)	2026-09-24T18:46:45.6237816Z trace: .> LEAN_PATH=././.lake/packages/Cli/.lake/build/lib:././.lake/packages/batteries/.lake/build/lib:././.lake/packages/Qq/.lake/build/lib:././.lake/packages/aesop/.lake/build/lib:././.lake/packages/proofwidgets/.lake/build/lib:././.lake/packages/importGraph/.lake/build/lib:././.lake/packages/LeanSearchClient/.lake/build/lib:././.lake/packages/plausible/.lake/build/lib:././.lake/packages/mathlib/.lake/build/lib:././.lake/build/lib LD_LIBRARY_PATH= /home/runner/.elan/toolchains/leanprover--lean4---v4.14.0/bin/lean ././././PNDS/Registration.lean -R ./././. -o ././.lake/build/lib/PNDS/Registration.olean -i ././.lake/build/lib/PNDS/Registration.ilean -c ././.lake/build/ir/PNDS/Registration.c --json
build	Build (explicit roots, so nothing can be silently skipped)	2026-09-24T18:46:45.6273682Z error: ././././PNDS/Registration.lean:28:42: unsolved goals
build	Build (explicit roots, so nothing can be silently skipped)	2026-09-24T18:46:45.6303488Z α : Type u_1
build	Build (explicit roots, so nothing can be silently skipped)	2026-09-24T18:46:45.6304154Z g : Gates α
build	Build (explicit roots, so nothing can be silently skipped)	2026-09-24T18:46:45.6333566Z x : α
build	Build (explicit roots, so nothing can be silently skipped)	2026-09-24T18:46:45.6364133Z ⊢ g.utility x = true ∧ g.stability x = true ∧ g.integrity x = true ∧ g.cost x = true ↔
build	Build (explicit roots, so nothing can be silently skipped)	2026-09-24T18:46:45.6393982Z     ((g.utility x = true ∧ g.stability x = true) ∧ g.integrity x = true) ∧ g.cost x = true
build	Build (explicit roots, so nothing can be silently skipped)	2026-09-24T18:46:45.6395407Z error: ././././PNDS/Registration.lean:38:33: invalid binder annotation, type is not a class instance
build	Build (explicit roots, so nothing can be silently skipped)	2026-09-24T18:46:45.6423576Z   ?m.1128
build	Build (explicit roots, so nothing can be silently skipped)	2026-09-24T18:46:45.6447133Z use the command `set_option checkBinderAnnotations false` to disable the check
build	Build (explicit roots, so nothing can be silently skipped)	2026-09-24T18:46:45.6469669Z error: ././././PNDS/Registration.lean:43:28: invalid binder annotation, type is not a class instance
build	Build (explicit roots, so nothing can be silently skipped)	2026-09-24T18:46:45.6503413Z   ?m.1146
build	Build (explicit roots, so nothing can be silently skipped)	2026-09-24T18:46:45.6504312Z use the command `set_option checkBinderAnnotations false` to disable the check
build	Build (explicit roots, so nothing can be silently skipped)	2026-09-24T18:46:45.6533829Z error: ././././PNDS/Registration.lean:48:27: unknown identifier 'Measure.map'
build	Build (explicit roots, so nothing can be silently skipped)	2026-09-24T18:46:45.6563684Z error: ././././PNDS/Registration.lean:49:4: function expected at
build	Build (explicit roots, so nothing can be silently skipped)	2026-09-24T18:46:45.6593415Z   P_contam
build	Build (explicit roots, so nothing can be silently skipped)	2026-09-24T18:46:45.6594041Z term has type
build	Build (explicit roots, so nothing can be silently skipped)	2026-09-24T18:46:45.6623570Z   ?m.1181
build	Build (explicit roots, so nothing can be silently skipped)	2026-09-24T18:46:45.6653645Z error: ././././PNDS/Registration.lean:50:6: function expected at
build	Build (explicit roots, so nothing can be silently skipped)	2026-09-24T18:46:45.6654562Z   P_false_admit
build	Build (explicit roots, so nothing can be silently skipped)	2026-09-24T18:46:45.6683572Z term has type
build	Build (explicit roots, so nothing can be silently skipped)	2026-09-24T18:46:45.6713522Z   ?m.1214
build	Build (explicit roots, so nothing can be silently skipped)	2026-09-24T18:46:45.6743644Z error: ././././PNDS/Registration.lean:50:33: unknown identifier 'Measure.map'
build	Build (explicit roots, so nothing can be silently skipped)	2026-09-24T18:46:45.6744907Z error: ././././PNDS/Registration.lean:50:64: unknown identifier 'Measure.map'
build	Build (explicit roots, so nothing can be silently skipped)	2026-09-24T18:46:45.6783900Z error: ././././PNDS/Registration.lean:51:6: tactic 'rewrite' failed, equality or iff proof expected
build	Build (explicit roots, so nothing can be silently skipped)	2026-09-24T18:46:45.6803663Z   x✝¹
build	Build (explicit roots, so nothing can be silently skipped)	2026-09-24T18:46:45.6833625Z x✝¹ : Sort u_2
build	Build (explicit roots, so nothing can be silently skipped)	2026-09-24T18:46:45.6843686Z P_contam : x✝¹
build	Build (explicit roots, so nothing can be silently skipped)	2026-09-24T18:46:45.6863504Z x✝ : Sort u_3
build	Build (explicit roots, so nothing can be silently skipped)	2026-09-24T18:46:45.6883517Z P_false_admit : x✝
build	Build (explicit roots, so nothing can be silently skipped)	2026-09-24T18:46:45.6913493Z hS : sorry ≠ 0
build	Build (explicit roots, so nothing can be silently skipped)	2026-09-24T18:46:45.6953441Z ⊢ sorry = sorry * sorry / sorry
build	Build (explicit roots, so nothing can be silently skipped)	2026-09-24T18:46:45.6973629Z error: ././././PNDS/Registration.lean:58:31: unknown identifier 'Measure.map'
build	Build (explicit roots, so nothing can be silently skipped)	2026-09-24T18:46:45.6993473Z error: ././././PNDS/Registration.lean:59:4: function expected at
build	Build (explicit roots, so nothing can be silently skipped)	2026-09-24T18:46:45.6994142Z   P_contam
build	Build (explicit roots, so nothing can be silently skipped)	2026-09-24T18:46:45.6994473Z term has type
build	Build (explicit roots, so nothing can be silently skipped)	2026-09-24T18:46:45.6994802Z   ?m.5777
build	Build (explicit roots, so nothing can be silently skipped)	2026-09-24T18:46:45.6995352Z error: ././././PNDS/Registration.lean:59:26: unknown identifier 'Measure.map'
build	Build (explicit roots, so nothing can be silently skipped)	2026-09-24T18:46:45.6996206Z error: ././././PNDS/Registration.lean:60:6: function expected at
build	Build (explicit roots, so nothing can be silently skipped)	2026-09-24T18:46:45.6996784Z   P_false_admit
build	Build (explicit roots, so nothing can be silently skipped)	2026-09-24T18:46:45.6997116Z term has type
build	Build (explicit roots, so nothing can be silently skipped)	2026-09-24T18:46:45.6997432Z   ?m.5817
build	Build (explicit roots, so nothing can be silently skipped)	2026-09-24T18:46:45.6997999Z error: ././././PNDS/Registration.lean:60:33: unknown identifier 'Measure.map'
build	Build (explicit roots, so nothing can be silently skipped)	2026-09-24T18:46:45.6999126Z error: ././././PNDS/Registration.lean:61:6: tactic 'rewrite' failed, equality or iff proof expected
build	Build (explicit roots, so nothing can be silently skipped)	2026-09-24T18:46:45.7000011Z   x✝¹
build	Build (explicit roots, so nothing can be silently skipped)	2026-09-24T18:46:45.7000385Z x✝¹ : Sort u_2
build	Build (explicit roots, so nothing can be silently skipped)	2026-09-24T18:46:45.7000774Z P_contam : x✝¹
build	Build (explicit roots, so nothing can be silently skipped)	2026-09-24T18:46:45.7001139Z x✝ : Sort u_3
build	Build (explicit roots, so nothing can be silently skipped)	2026-09-24T18:46:45.7001502Z P_false_admit : x✝
build	Build (explicit roots, so nothing can be silently skipped)	2026-09-24T18:46:45.7001902Z hS : sorry ≠ 0
build	Build (explicit roots, so nothing can be silently skipped)	2026-09-24T18:46:45.7002316Z ⊢ sorry * sorry = sorry * sorry
build	Build (explicit roots, so nothing can be silently skipped)	2026-09-24T18:46:45.7003374Z error: Lean exited with code 1
build	Build (explicit roots, so nothing can be silently skipped)	2026-09-24T18:46:45.8226880Z ✖ [5699/5705] Building PNDS.Scaling
build	Build (explicit roots, so nothing can be silently skipped)	2026-09-24T18:46:45.8248027Z trace: .> LEAN_PATH=././.lake/packages/Cli/.lake/build/lib:././.lake/packages/batteries/.lake/build/lib:././.lake/packages/Qq/.lake/build/lib:././.lake/packages/aesop/.lake/build/lib:././.lake/packages/proofwidgets/.lake/build/lib:././.lake/packages/importGraph/.lake/build/lib:././.lake/packages/LeanSearchClient/.lake/build/lib:././.lake/packages/plausible/.lake/build/lib:././.lake/packages/mathlib/.lake/build/lib:././.lake/build/lib LD_LIBRARY_PATH= /home/runner/.elan/toolchains/leanprover--lean4---v4.14.0/bin/lean ././././PNDS/Scaling.lean -R ./././. -o ././.lake/build/lib/PNDS/Scaling.olean -i ././.lake/build/lib/PNDS/Scaling.ilean -c ././.lake/build/ir/PNDS/Scaling.c --json
build	Build (explicit roots, so nothing can be silently skipped)	2026-09-24T18:46:45.8253099Z warning: ././././PNDS/Scaling.lean:16:27: unused variable `hKr`
build	Build (explicit roots, so nothing can be silently skipped)	2026-09-24T18:46:45.8254464Z note: this linter can be disabled with `set_option linter.unusedVariables false`
build	Build (explicit roots, so nothing can be silently skipped)	2026-09-24T18:46:45.8255797Z warning: ././././PNDS/Scaling.lean:23:32: unused variable `hKr`
build	Build (explicit roots, so nothing can be silently skipped)	2026-09-24T18:46:45.8256977Z note: this linter can be disabled with `set_option linter.unusedVariables false`
build	Build (explicit roots, so nothing can be silently skipped)	2026-09-24T18:46:45.8258376Z warning: ././././PNDS/Scaling.lean:23:46: unused variable `hKN`
build	Build (explicit roots, so nothing can be silently skipped)	2026-09-24T18:46:45.8259406Z note: this linter can be disabled with `set_option linter.unusedVariables false`
build	Build (explicit roots, so nothing can be silently skipped)	2026-09-24T18:46:45.8260523Z error: ././././PNDS/Scaling.lean:37:41: omega could not prove the goal:
build	Build (explicit roots, so nothing can be silently skipped)	2026-09-24T18:46:45.8261473Z a possible counterexample may satisfy the constraints
build	Build (explicit roots, so nothing can be silently skipped)	2026-09-24T18:46:45.8262333Z   e ≥ 0
build	Build (explicit roots, so nothing can be silently skipped)	2026-09-24T18:46:45.8263109Z   d ≥ 0
build	Build (explicit roots, so nothing can be silently skipped)	2026-09-24T18:46:45.8263768Z   d - e ≤ 0
build	Build (explicit roots, so nothing can be silently skipped)	2026-09-24T18:46:45.8264345Z   c ≥ 0
build	Build (explicit roots, so nothing can be silently skipped)	2026-09-24T18:46:45.8264882Z   b ≥ 0
build	Build (explicit roots, so nothing can be silently skipped)	2026-09-24T18:46:45.8265443Z   a ≥ 0
build	Build (explicit roots, so nothing can be silently skipped)	2026-09-24T18:46:45.8265994Z   a - b ≥ 0
build	Build (explicit roots, so nothing can be silently skipped)	2026-09-24T18:46:45.8266580Z   a - c ≤ 0
build	Build (explicit roots, so nothing can be silently skipped)	2026-09-24T18:46:45.8267143Z   a - d ≤ 0
build	Build (explicit roots, so nothing can be silently skipped)	2026-09-24T18:46:45.8267642Z where
build	Build (explicit roots, so nothing can be silently skipped)	2026-09-24T18:46:45.8268207Z  a := ↑K
build	Build (explicit roots, so nothing can be silently skipped)	2026-09-24T18:46:45.8268766Z  b := ↑r
build	Build (explicit roots, so nothing can be silently skipped)	2026-09-24T18:46:45.8269313Z  c := ↑N
build	Build (explicit roots, so nothing can be silently skipped)	2026-09-24T18:46:45.8269845Z  d := ↑m
build	Build (explicit roots, so nothing can be silently skipped)	2026-09-24T18:46:45.8270386Z  e := ↑i
build	Build (explicit roots, so nothing can be silently skipped)	2026-09-24T18:46:45.8271082Z error: ././././PNDS/Scaling.lean:41:42: application type mismatch
build	Build (explicit roots, so nothing can be silently skipped)	2026-09-24T18:46:45.8271930Z   relevantFin m hK
build	Build (explicit roots, so nothing can be silently skipped)	2026-09-24T18:46:45.8272471Z argument
build	Build (explicit roots, so nothing can be silently skipped)	2026-09-24T18:46:45.8273203Z   hK
build	Build (explicit roots, so nothing can be silently skipped)	2026-09-24T18:46:45.8273706Z has type
build	Build (explicit roots, so nothing can be silently skipped)	2026-09-24T18:46:45.8274313Z   K ≤ m : Prop
build	Build (explicit roots, so nothing can be silently skipped)	2026-09-24T18:46:45.8274879Z but is expected to have type
build	Build (explicit roots, so nothing can be silently skipped)	2026-09-24T18:46:45.8275559Z   ℕ : Type
build	Build (explicit roots, so nothing can be silently skipped)	2026-09-24T18:46:45.8276536Z error: ././././PNDS/Scaling.lean:42:6: failed to rewrite using equation theorems for 'PNDS.Scaling.relevantFin'.
build	Build (explicit roots, so nothing can be silently skipped)	2026-09-24T18:46:45.8278042Z error: ././././PNDS/Scaling.lean:49:30: application type mismatch
build	Build (explicit roots, so nothing can be silently skipped)	2026-09-24T18:46:45.8278872Z   relevantFin m hK
build	Build (explicit roots, so nothing can be silently skipped)	2026-09-24T18:46:45.8279423Z argument
build	Build (explicit roots, so nothing can be silently skipped)	2026-09-24T18:46:45.8279933Z   hK
build	Build (explicit roots, so nothing can be silently skipped)	2026-09-24T18:46:45.8280424Z has type
build	Build (explicit roots, so nothing can be silently skipped)	2026-09-24T18:46:45.8281004Z   K ≤ m : Prop
build	Build (explicit roots, so nothing can be silently skipped)	2026-09-24T18:46:45.8281580Z but is expected to have type
build	Build (explicit roots, so nothing can be silently skipped)	2026-09-24T18:46:45.8282258Z   ℕ : Type
build	Build (explicit roots, so nothing can be silently skipped)	2026-09-24T18:46:45.8283146Z error: ././././PNDS/Scaling.lean:50:39: unknown identifier 'hK'
build	Build (explicit roots, so nothing can be silently skipped)	2026-09-24T18:46:45.8284093Z error: ././././PNDS/Scaling.lean:50:61: unknown identifier 'hK'
build	Build (explicit roots, so nothing can be silently skipped)	2026-09-24T18:46:45.8285027Z error: ././././PNDS/Scaling.lean:51:4: function expected at
build	Build (explicit roots, so nothing can be silently skipped)	2026-09-24T18:46:45.8285843Z   Finset.inter_subset_right ?m.2410
build	Build (explicit roots, so nothing can be silently skipped)	2026-09-24T18:46:45.8286503Z term has type
build	Build (explicit roots, so nothing can be silently skipped)	2026-09-24T18:46:45.8287106Z   ?m.2409 ∈ ?m.2408
build	Build (explicit roots, so nothing can be silently skipped)	2026-09-24T18:46:45.8287984Z error: ././././PNDS/Scaling.lean:53:6: tactic 'rewrite' failed, equality or iff proof expected
build	Build (explicit roots, so nothing can be silently skipped)	2026-09-24T18:46:45.8288962Z   ?m.2674
build	Build (explicit roots, so nothing can be silently skipped)	2026-09-24T18:46:45.8289504Z r m : ℕ
build	Build (explicit roots, so nothing can be silently skipped)	2026-09-24T18:46:45.8290026Z selected : Finset (Fin m)
build	Build (explicit roots, so nothing can be silently skipped)	2026-09-24T18:46:45.8290729Z hsub : selected ∩ sorry ⊆ sorry
build	Build (explicit roots, so nothing can be silently skipped)	2026-09-24T18:46:45.8291491Z hcard : (selected ∩ sorry).card ≤ sorry.card
build	Build (explicit roots, so nothing can be silently skipped)	2026-09-24T18:46:45.8292292Z ⊢ (selected ∩ sorry).card ≤ r
build	Build (explicit roots, so nothing can be silently skipped)	2026-09-24T18:46:45.8293357Z warning: ././././PNDS/Scaling.lean:59:58: unused variable `hD`
build	Build (explicit roots, so nothing can be silently skipped)	2026-09-24T18:46:45.8294730Z note: this linter can be disabled with `set_option linter.unusedVariables false`
build	Build (explicit roots, so nothing can be silently skipped)	2026-09-24T18:46:45.8295804Z warning: ././././PNDS/Scaling.lean:60:5: unused variable `hN`
build	Build (explicit roots, so nothing can be silently skipped)	2026-09-24T18:46:45.8296849Z note: this linter can be disabled with `set_option linter.unusedVariables false`
build	Build (explicit roots, so nothing can be silently skipped)	2026-09-24T18:46:45.8297789Z error: Lean exited with code 1
build	Build (explicit roots, so nothing can be silently skipped)	2026-09-24T18:46:46.1230338Z ✖ [5700/5705] Building PNDS.Statistics
build	Build (explicit roots, so nothing can be silently skipped)	2026-09-24T18:46:46.1235229Z trace: .> LEAN_PATH=././.lake/packages/Cli/.lake/build/lib:././.lake/packages/batteries/.lake/build/lib:././.lake/packages/Qq/.lake/build/lib:././.lake/packages/aesop/.lake/build/lib:././.lake/packages/proofwidgets/.lake/build/lib:././.lake/packages/importGraph/.lake/build/lib:././.lake/packages/LeanSearchClient/.lake/build/lib:././.lake/packages/plausible/.lake/build/lib:././.lake/packages/mathlib/.lake/build/lib:././.lake/build/lib LD_LIBRARY_PATH= /home/runner/.elan/toolchains/leanprover--lean4---v4.14.0/bin/lean ././././PNDS/Statistics.lean -R ./././. -o ././.lake/build/lib/PNDS/Statistics.olean -i ././.lake/build/lib/PNDS/Statistics.ilean -c ././.lake/build/ir/PNDS/Statistics.c --json
build	Build (explicit roots, so nothing can be silently skipped)	2026-09-24T18:46:46.1240741Z error: ././././PNDS/Statistics.lean:11:4: failed to compile definition, consider marking it as 'noncomputable' because it depends on 'Real.instLinearOrderedField', and it does not have executable code
build	Build (explicit roots, so nothing can be silently skipped)	2026-09-24T18:46:46.1243626Z error: ././././PNDS/Statistics.lean:14:4: failed to compile definition, consider marking it as 'noncomputable' because it depends on 'Real.instLinearOrderedField', and it does not have executable code
build	Build (explicit roots, so nothing can be silently skipped)	2026-09-24T18:46:46.1245216Z info: ././././PNDS/Statistics.lean:20:2: Try this: ring_nf
build	Build (explicit roots, so nothing can be silently skipped)	2026-09-24T18:46:46.1245869Z error: ././././PNDS/Statistics.lean:17:71: unsolved goals
build	Build (explicit roots, so nothing can be silently skipped)	2026-09-24T18:46:46.1246452Z k : ℕ
build	Build (explicit roots, so nothing can be silently skipped)	2026-09-24T18:46:46.1246852Z ⊢ 1 = 2 ^ (-↑k) * 2 ^ k
build	Build (explicit roots, so nothing can be silently skipped)	2026-09-24T18:46:46.1247753Z error: ././././PNDS/Statistics.lean:24:21: tactic 'rewrite' failed, did not find instance of the pattern in the target expression
build	Build (explicit roots, so nothing can be silently skipped)	2026-09-24T18:46:46.1248762Z   minP_oneSided ?k
build	Build (explicit roots, so nothing can be silently skipped)	2026-09-24T18:46:46.1249129Z k : ℕ
build	Build (explicit roots, so nothing can be silently skipped)	2026-09-24T18:46:46.1249516Z ⊢ 2 * (1 / 2) ^ k = 2 ^ (1 - ↑k)
build	Build (explicit roots, so nothing can be silently skipped)	2026-09-24T18:46:46.1250136Z error: ././././PNDS/Statistics.lean:70:2: tactic 'apply' failed, failed to unify
build	Build (explicit roots, so nothing can be silently skipped)	2026-09-24T18:46:46.1250895Z   ?a / ?b ≤ ?c / ?d
build	Build (explicit roots, so nothing can be silently skipped)	2026-09-24T18:46:46.1251233Z with
build	Build (explicit roots, so nothing can be silently skipped)	2026-09-24T18:46:46.1251591Z   (1 / 2) ^ m ≤ (1 / 2) ^ n
build	Build (explicit roots, so nothing can be silently skipped)	2026-09-24T18:46:46.1251978Z n m : ℕ
build	Build (explicit roots, so nothing can be silently skipped)	2026-09-24T18:46:46.1252324Z hnm : n ≤ m
build	Build (explicit roots, so nothing can be silently skipped)	2026-09-24T18:46:46.1252693Z ⊢ (1 / 2) ^ m ≤ (1 / 2) ^ n
build	Build (explicit roots, so nothing can be silently skipped)	2026-09-24T18:46:46.1253316Z error: Lean exited with code 1
build	Build (explicit roots, so nothing can be silently skipped)	2026-09-24T18:46:48.1240904Z ✖ [5701/5705] Building PNDS.Causal
build	Build (explicit roots, so nothing can be silently skipped)	2026-09-24T18:46:48.1244900Z trace: .> LEAN_PATH=././.lake/packages/Cli/.lake/build/lib:././.lake/packages/batteries/.lake/build/lib:././.lake/packages/Qq/.lake/build/lib:././.lake/packages/aesop/.lake/build/lib:././.lake/packages/proofwidgets/.lake/build/lib:././.lake/packages/importGraph/.lake/build/lib:././.lake/packages/LeanSearchClient/.lake/build/lib:././.lake/packages/plausible/.lake/build/lib:././.lake/packages/mathlib/.lake/build/lib:././.lake/build/lib LD_LIBRARY_PATH= /home/runner/.elan/toolchains/leanprover--lean4---v4.14.0/bin/lean ././././PNDS/Causal.lean -R ./././. -o ././.lake/build/lib/PNDS/Causal.olean -i ././.lake/build/lib/PNDS/Causal.ilean -c ././.lake/build/ir/PNDS/Causal.c --json
build	Build (explicit roots, so nothing can be silently skipped)	2026-09-24T18:46:48.1248690Z error: ././././PNDS/Causal.lean:12:2: unexpected token 'axiom'; expected stacksTagDB
build	Build (explicit roots, so nothing can be silently skipped)	2026-09-24T18:46:48.1249354Z error: ././././PNDS/Causal.lean:12:7: unexpected token ']'; expected identifier
build	Build (explicit roots, so nothing can be silently skipped)	2026-09-24T18:46:48.1249973Z error: ././././PNDS/Causal.lean:15:2: unexpected token 'axiom'; expected stacksTagDB
build	Build (explicit roots, so nothing can be silently skipped)	2026-09-24T18:46:48.1250582Z error: ././././PNDS/Causal.lean:15:7: unexpected token ']'; expected identifier
build	Build (explicit roots, so nothing can be silently skipped)	2026-09-24T18:46:48.1251167Z error: ././././PNDS/Causal.lean:18:86: unexpected token 'end'; expected 'lemma'
build	Build (explicit roots, so nothing can be silently skipped)	2026-09-24T18:46:48.1251640Z error: Lean exited with code 1
build	Build (explicit roots, so nothing can be silently skipped)	2026-09-24T18:46:48.5245347Z ✖ [5702/5705] Building PNDS.Softmax
build	Build (explicit roots, so nothing can be silently skipped)	2026-09-24T18:46:48.5249758Z trace: .> LEAN_PATH=././.lake/packages/Cli/.lake/build/lib:././.lake/packages/batteries/.lake/build/lib:././.lake/packages/Qq/.lake/build/lib:././.lake/packages/aesop/.lake/build/lib:././.lake/packages/proofwidgets/.lake/build/lib:././.lake/packages/importGraph/.lake/build/lib:././.lake/packages/LeanSearchClient/.lake/build/lib:././.lake/packages/plausible/.lake/build/lib:././.lake/packages/mathlib/.lake/build/lib:././.lake/build/lib LD_LIBRARY_PATH= /home/runner/.elan/toolchains/leanprover--lean4---v4.14.0/bin/lean ././././PNDS/Softmax.lean -R ./././. -o ././.lake/build/lib/PNDS/Softmax.olean -i ././.lake/build/lib/PNDS/Softmax.ilean -c ././.lake/build/ir/PNDS/Softmax.c --json
build	Build (explicit roots, so nothing can be silently skipped)	2026-09-24T18:46:48.5254106Z error: ././././PNDS/Softmax.lean:30:13: type mismatch
build	Build (explicit roots, so nothing can be silently skipped)	2026-09-24T18:46:48.5254586Z   rfl
build	Build (explicit roots, so nothing can be silently skipped)	2026-09-24T18:46:48.5254843Z has type
build	Build (explicit roots, so nothing can be silently skipped)	2026-09-24T18:46:48.5255124Z   rexp 0 = rexp 0 : Prop
build	Build (explicit roots, so nothing can be silently skipped)	2026-09-24T18:46:48.5255508Z but is expected to have type
build	Build (explicit roots, so nothing can be silently skipped)	2026-09-24T18:46:48.5255855Z   rexp 0 = 1 : Prop
build	Build (explicit roots, so nothing can be silently skipped)	2026-09-24T18:46:48.5256380Z error: ././././PNDS/Softmax.lean:32:20: unknown constant 'Real.strictMono_exp'
build	Build (explicit roots, so nothing can be silently skipped)	2026-09-24T18:46:48.5257650Z error: ././././PNDS/Softmax.lean:28:4: failed to compile definition, consider marking it as 'noncomputable' because it depends on 'Real.exp', and it does not have executable code
build	Build (explicit roots, so nothing can be silently skipped)	2026-09-24T18:46:48.5259592Z error: ././././PNDS/Softmax.lean:41:9: rcases tactic failed: h : ∀ ⦃a b : F⦄, a < b → E.app a < E.app b is not an inductive datatype
build	Build (explicit roots, so nothing can be silently skipped)	2026-09-24T18:46:48.5260662Z error: ././././PNDS/Softmax.lean:61:42: failed to prove positivity/nonnegativity/nonzeroness
build	Build (explicit roots, so nothing can be silently skipped)	2026-09-24T18:46:48.5261733Z error: ././././PNDS/Softmax.lean:62:23: tactic 'rewrite' failed, did not find instance of the pattern in the target expression
build	Build (explicit roots, so nothing can be silently skipped)	2026-09-24T18:46:48.5262658Z   ?m.13119 ≤ ?m.13120 / (r * E.app s + n)
build	Build (explicit roots, so nothing can be silently skipped)	2026-09-24T18:46:48.5263236Z F : Type u_1
build	Build (explicit roots, so nothing can be silently skipped)	2026-09-24T18:46:48.5263598Z inst✝ : LinearOrderedField F
build	Build (explicit roots, so nothing can be silently skipped)	2026-09-24T18:46:48.5263948Z E : Exp F
build	Build (explicit roots, so nothing can be silently skipped)	2026-09-24T18:46:48.5264254Z r n ε s : F
build	Build (explicit roots, so nothing can be silently skipped)	2026-09-24T18:46:48.5264551Z hr : 0 < r
build	Build (explicit roots, so nothing can be silently skipped)	2026-09-24T18:46:48.5264809Z hn : 0 < n
build	Build (explicit roots, so nothing can be silently skipped)	2026-09-24T18:46:48.5265104Z hε : 0 < ε
build	Build (explicit roots, so nothing can be silently skipped)	2026-09-24T18:46:48.5265400Z hεε : ε < 1
build	Build (explicit roots, so nothing can be silently skipped)	2026-09-24T18:46:48.5265754Z hbound : r * ε * E.app s ≥ n * (1 - ε)
build	Build (explicit roots, so nothing can be silently skipped)	2026-09-24T18:46:48.5266162Z hdenom : 0 < r * E.app s + n
build	Build (explicit roots, so nothing can be silently skipped)	2026-09-24T18:46:48.5266576Z ⊢ n / (r * E.app s + n) ≤ ε
build	Build (explicit roots, so nothing can be silently skipped)	2026-09-24T18:46:48.5266990Z error: ././././PNDS/Softmax.lean:79:4: type mismatch, term
build	Build (explicit roots, so nothing can be silently skipped)	2026-09-24T18:46:48.5267450Z   hbound
build	Build (explicit roots, so nothing can be silently skipped)	2026-09-24T18:46:48.5267738Z after simplification has type
build	Build (explicit roots, so nothing can be silently skipped)	2026-09-24T18:46:48.5268166Z   n * (1 - ε) / ε ≤ E.app s : Prop
build	Build (explicit roots, so nothing can be silently skipped)	2026-09-24T18:46:48.5268543Z but is expected to have type
build	Build (explicit roots, so nothing can be silently skipped)	2026-09-24T18:46:48.5268947Z   n * (1 - ε) ≤ ε * E.app s : Prop
build	Build (explicit roots, so nothing can be silently skipped)	2026-09-24T18:46:48.5269321Z error: Lean exited with code 1
build	Build (explicit roots, so nothing can be silently skipped)	2026-09-24T18:46:48.5269700Z Some required builds logged failures:
build	Build (explicit roots, so nothing can be silently skipped)	2026-09-24T18:46:48.5270096Z - PNDS.PathVerification
build	Build (explicit roots, so nothing can be silently skipped)	2026-09-24T18:46:48.5270429Z - PNDS.Registration
build	Build (explicit roots, so nothing can be silently skipped)	2026-09-24T18:46:48.5270734Z - PNDS.Scaling
build	Build (explicit roots, so nothing can be silently skipped)	2026-09-24T18:46:48.5271013Z - PNDS.Statistics
build	Build (explicit roots, so nothing can be silently skipped)	2026-09-24T18:46:48.5271308Z - PNDS.Causal
build	Build (explicit roots, so nothing can be silently skipped)	2026-09-24T18:46:48.5271613Z - PNDS.Softmax
build	Build (explicit roots, so nothing can be silently skipped)	2026-09-24T18:46:48.5286748Z error: build failed
build	Verify the tree actually compiled	﻿2026-09-24T18:46:48.5450056Z ##[group]Run set -e
build	Verify the tree actually compiled	2026-09-24T18:46:48.5450352Z ^[[36;1mset -e^[[0m
build	Verify the tree actually compiled	2026-09-24T18:46:48.5450617Z ^[[36;1mn=$(find .lake/build -name "*.olean" | wc -l)^[[0m
build	Verify the tree actually compiled	2026-09-24T18:46:48.5451015Z ^[[36;1mecho ".olean files produced under .lake/build: $n"^[[0m
build	Verify the tree actually compiled	2026-09-24T18:46:48.5451365Z ^[[36;1mif [ "$n" -eq 0 ]; then^[[0m
build	Verify the tree actually compiled	2026-09-24T18:46:48.5451761Z ^[[36;1m  echo "::error::No .olean files were produced; lake build compiled nothing"^[[0m
build	Verify the tree actually compiled	2026-09-24T18:46:48.5452182Z ^[[36;1m  exit 1^[[0m
build	Verify the tree actually compiled	2026-09-24T18:46:48.5452375Z ^[[36;1mfi^[[0m
build	Verify the tree actually compiled	2026-09-24T18:46:48.5518783Z shell: /usr/bin/bash -e {0}
build	Verify the tree actually compiled	2026-09-24T18:46:48.5519048Z ##[endgroup]
build	Verify the tree actually compiled	2026-09-24T18:46:48.5620841Z .olean files produced under .lake/build: 0
build	Verify the tree actually compiled	2026-09-24T18:46:48.5639810Z ##[error]No .olean files were produced; lake build compiled nothing
build	Verify the tree actually compiled	2026-09-24T18:46:48.5648621Z ##[error]Process completed with exit code 1.
build	Post Run actions/checkout@v4	﻿2026-09-24T18:46:48.5797740Z Post job cleanup.
build	Post Run actions/checkout@v4	2026-09-24T18:46:48.6685225Z [command]/usr/bin/git version
build	Post Run actions/checkout@v4	2026-09-24T18:46:48.6732078Z git version 2.55.0
build	Post Run actions/checkout@v4	2026-09-24T18:46:48.6777301Z Temporarily overriding HOME='/home/runner/work/_temp/53615f1b-2eb0-41b9-8d0e-7f53b2aae11b' before making global git config changes
build	Post Run actions/checkout@v4	2026-09-24T18:46:48.6778396Z Adding repository directory to the temporary git global config as a safe directory
build	Post Run actions/checkout@v4	2026-09-24T18:46:48.6783980Z [command]/usr/bin/git config --global --add safe.directory /home/runner/work/pnds-lean/pnds-lean
build	Post Run actions/checkout@v4	2026-09-24T18:46:48.6828831Z [command]/usr/bin/git config --local --name-only --get-regexp core\.sshCommand
build	Post Run actions/checkout@v4	2026-09-24T18:46:48.6866547Z [command]/usr/bin/git submodule foreach --recursive sh -c "git config --local --name-only --get-regexp 'core\.sshCommand' && git config --local --unset-all 'core.sshCommand' || :"
build	Post Run actions/checkout@v4	2026-09-24T18:46:48.7140409Z [command]/usr/bin/git config --local --name-only --get-regexp http\.https\:\/\/github\.com\/\.extraheader
build	Post Run actions/checkout@v4	2026-09-24T18:46:48.7168788Z http.https://github.com/.extraheader
build	Post Run actions/checkout@v4	2026-09-24T18:46:48.7180460Z [command]/usr/bin/git config --local --unset-all http.https://github.com/.extraheader
build	Post Run actions/checkout@v4	2026-09-24T18:46:48.7215891Z [command]/usr/bin/git submodule foreach --recursive sh -c "git config --local --name-only --get-regexp 'http\.https\:\/\/github\.com\/\.extraheader' && git config --local --unset-all 'http.https://github.com/.extraheader' || :"
build	Post Run actions/checkout@v4	2026-09-24T18:46:48.7525374Z [command]/usr/bin/git config --local --name-only --get-regexp ^includeIf\.gitdir:
build	Post Run actions/checkout@v4	2026-09-24T18:46:48.7571342Z [command]/usr/bin/git submodule foreach --recursive git config --local --show-origin --name-only --get-regexp remote.origin.url
build	Complete job	﻿2026-09-24T18:46:48.8092145Z Cleaning up orphan processes
build	Complete job	2026-09-24T18:46:48.8384313Z ##[warning]Node.js 20 is deprecated. The following actions target Node.js 20 but are being forced to run on Node.js 24: actions/checkout@v4. For more information see: https://github.blog/changelog/2025-09-19-deprecation-of-node-20-on-github-actions-runners/
